
> xeroxq@0.1.0 build
> next build

node.exe : ΓÜá Warning: Next.js inferred your 
workspace root, but it may not be correct.
At C:\nvm4w\nodejs\npm.ps1:29 char:3
+   & $NODE_EXE $NPM_CLI_JS $args
+   ~~~~~~~~~~~~~~~~~~~~~~~~~~~~~
    + CategoryInfo          : NotSpecified: ( 
   ΓÜá Warning: Ne...not be correct.:String)  
   [], RemoteException
    + FullyQualifiedErrorId : NativeCommandEr 
   ror
 
 We detected multiple lockfiles and selected 
the directory of 
C:\Users\LENOVO\package-lock.json as the root 
directory.
 To silence this warning, set 
`turbopack.root` in your Next.js config, or 
consider removing one of the lockfiles if 
it's not needed.
   See https://nextjs.org/docs/app/api-referen
ce/config/next-config-js/turbopack#root-direct
ory for more information.
 Detected additional lockfiles: 
   * C:\Users\LENOVO\OneDrive\Desktop\All 
Projects\PRINT\package-lock.json

Γû▓ Next.js 16.2.2 (Turbopack)
- Environments: .env.local

  Creating an optimized production build ...
Γ£ô Compiled successfully in 11.6s
  Running TypeScript ...
Failed to type check.

./src/app/admin/page.tsx:94:27
Type error: Cannot find name 'useRef'.

  [90m92 |[0m   [36mconst[0m [history, 
setHistory] = useState<[36mtypeof[0m 
canvasItems[]>([]);
  [90m93 |[0m   [36mconst[0m 
[historyIndex, setHistoryIndex] = 
useState(-[35m1[0m);
[31m[1m>[0m [90m94 |[0m   [36mconst[0m 
isHistoryAction = useRef([36mfalse[0m);
  [90m   |[0m                           
[31m[1m^[0m
  [90m95 |[0m   [36mconst[0m 
[isGridSnapped, setIsGridSnapped] = 
useState([36mfalse[0m);
  [90m96 |[0m
  [90m97 |[0m   [36mconst[0m 
[selectedCanvasIds, setSelectedCanvasIds] = 
useState<string[]>([]);
Next.js build worker exited with code: 1 and 
signal: null
